ZPRNDSeed0  =$8b; unused
BASICResetStackAndCode  =$a67a; unused
Digit8  =$77c5
tempWork9  =$b4; unused
player1readcopy  =$f225
ZPRNDSeed1  =$8c; unused
ZPRS232StopBitSwitch  =$a9; unused
MarkIRQCode  =$102a; unused
BlockData  =$5900; ?
scfont2f  =$7940; ?
Multiplex_maininterEx  =$4e07; ?
Digit9  =$77cd
VIC2SpriteBackgroundCollision  =$d01f
tempWork8  =$b3
ScoreSpriteRender2  =$3d2c
Multiplex_CollisionHistory  =$bac1; ?
ZPRNDSeed2  =$8d; unused
scfont2e  =$793a; ?
READST  =$ffb7; unused
VIC2Multicolour_Yellow  =$f; unused
ZPStartBasicLo  =$2b; unused
ZPRNDSeed3  =$8e; unused
ZPCurrentOutputDevice  =$9a; unused
ScorePlayer2Render  =$4041; ?
ColourCycle  =$45cf; ?
scfont2d  =$7934; ?
FontMemLow  =$796e; ?
player2readcopy  =$f26e
ZPRNDSeed4  =$8f; unused
VIC2Multicolour_Red  =$a; unused
scfont2c  =$792e; ?
TableColumn3  =$d9f8
Multiplex_StartTopInterrupt  =$548b; ?
BackgroundFixedColours  =$7580; ?
CHKIN  =$ffc6; unused
frameTotalScrScroll  =$17fb; ?
PlayerOffset_DieOrStop  =$e; ?
scfont2b  =$7928; ?
TableColumn2  =$d9ee
anim2  =$3768
ZPDatasetteEndOfTape  =$96; unused
VIC2SpriteByteSize  =$3f; unused
TableColumn1  =$d9ea
scfont2a  =$7922; ?
anim1  =$3749
Joy2Read  =$453d; ?
ZPStartBasicHi  =$2c; unused
CyclesPerRasterPALC64  =$3f; unused
ScrollerScreen  =$1851; ?
HiScoreChecker  =$f200; ?
KillIRQ  =$f0a8; ?
GetReadyMode  =$454b; ?
AnimationRunCollisionDetection  =$3543; ?
CIA1TimerBHi  =$dc07; unused
tempWork1  =$ac
SkipLevelFrameLogic  =$16f5
Digit0  =$7785
tempWork0  =$ab
BGDelay  =$3815; ?
Digit1  =$778d
VIC2SpriteXBorderRight38  =$150
CIA2PortASerialBusVICBankMask  =$3fff
tempWork3  =$ae
PlayerOffset_Speed  =$9; ?
Digit2  =$7795
KERNALTape_TimingAdjustment  =$f9d5; unused
CIA2TimerBHi  =$dd07; unused
IRQUsedScreenScrollPos  =$1144; unused
VIC2Colour_Yellow  =$7; unused
TitleScreen_Enable_ScrollerDemoWait_Hooks  =$1029
PlayerOffset_Lives  =$10; ?
AnimationExplosionType  =$b920; ?
Digit3  =$779d
tempWork2  =$ad
VIC2ScreenControlVDefault  =$1b; unused
JoystickBits_Fire  =$10
CIA1TimerBLo  =$dc06; unused
Digit4  =$77a5
tempWork5  =$b0
KERNALSerialBus_ClearATN  =$edbe; unused
tempWork4  =$af
AnimationType  =$b640; ?
LevelScrollToggle  =$399e
Digit5  =$77ad
showname  =$f3b6
tempWork7  =$b2
ScreenVisibleHi  =$102a
Player2Properties  =$a5e7; ?
Digit6  =$77b5
TestJoyOption  =$4735; ?
VIC2InteruptStatus  =$d019
VIC2BorderColour  =$d020
CIA2TimerBLo  =$dd06; unused
PlayerOffset_DownStop  =$5; ?
ScorePlayer1Render  =$3da9; ?
WaterChars  =$3824; ?
namelen  =$9
Digit7  =$77bd
tempWork6  =$b1
posdown  =$f2e0; ?
AttackWaves  =$98d0; ?
ACPTR  =$ffa5; unused
CIA2SerialShift  =$dd0c; unused
AnimationDirectionIn  =$b7a0; ?
AnimationMovementOrigHi  =$b880; ?
TableSize1  =$3; unused
BASICTextPrint  =$ab1e; unused
OPEN  =$ffc0; unused
SIDFilterControl  =$d417
Multiplex_IRQExitDefined  =$1
p2name10  =$9686
KERNALSerialBus_SignalLowData  =$ee97; unused
mainRoutineZP  =$a2
ScrollerDrawStripLeftBank0  =$1f24; ?
nextone  =$f2c2
TableSize3  =$6; unused
ScrollerDrawStripLeftBank1  =$1fe3; ?
TableSize2  =$9; unused
Multiplex_TopRasterHeight  =$9
AnimationSpriteIsNew  =$b760; unused
C64Cartridge_Lo_8K  =$8000; unused
AnimationMovementOrigLo  =$b860; ?
Rocket  =$77d5; unused
ZPRS232ByteBuffer  =$aa; unused
VIC2Colour_Purple  =$4; unused
MakeCredits  =$43a8; ?
SECOND  =$ff93; unused
topIRQDone  =$1139
ScrollSingle1Bank1To0_1  =$1d00; ?
ZPExTapeIOBufferEnd  =$3fb; unused
ZPTapeTimingConstant  = ?; unused
Scroller  =$432e; ?
SIDPaddleY  =$d41a; unused
FlashTest  =$4637; ?
scrollerRealMovementXPixels  =$b7; unused
p1hslo  =$f4e4; ?
ZPCurrentKeyPressed  =$cb; unused
Scroller_IRQVectorHi  =$ffff
ObjectAnimationsTabLo  =$a784; ?
DoScoreAndLives  =$3948; ?
KERNALROM  =$e000; unused
SIDPaddleX  =$d419; unused
lvfont1  =$7958; ?
kSize_16K  =$4000; unused
AnimationUpdateMultiplexor  =$310a; ?
LevelDoSwitch  =$3c32; unused
lvfont2  =$795e; ?
joycheck  =$f3e4; ?
cleanupname  =$f483; ?
IRQServiceRoutineLo  =$314
VIC2Raster  =$d012
BlockColours  =$5800; ?
MarkMultiplexorBeginCode  =$4e01; unused
Colon  =$77dd; unused
KERNALBASICInit  =$e3bf; unused
copyscor  =$f31a
VIC2SpriteXMSB  =$d010
VIC2Multicolour_Purple  =$c; unused
scrollerRealMovementYPixels  =$b8
p1hshi  =$f4ee; ?
Scroller_IRQVectorLo  =$fffe
Scroller_DisplayTitleScreen  =$1
ObjectAnimationsTabHi  =$a7be; ?
p1name10  =$94a6
COLORRAM  =$d800; unused
mainRoutineZP_start  =$a2
AnimationSpriteFrame  =$b6e0; ?
eMultiplex_ExtraIRQHeightTweak  =$0
ScrollSingle0Bank0To1_1  =$1a6e; ?
noflashing  =$4641; ?
ShieldFlashReset  =$380f; ?
IRQServiceRoutineHi  =$315
EZPFlagUpperLowerCaseChange  =$291; unused
VIC2Colour_LightGreen  =$d; unused
p2hiscore10  =$9690
ScrollerDemoWaitScorePanel  =$17d6; ?
scrollMapHPos2  =$17f8
messread  =$4348
p1hiscore2  =$9370
p2hiscore1  =$9528
ProcessorPortCharROMBASICKERNAL  =$33; unused
BlockTabH  =$4d45; ?
UDTIM  =$ffea; unused
LevelNum  =$39a6
p1hiscore3  =$9398
VIC2SpriteYBorderBottom  =$fa
CIA2PortBRS232  =$dd01; unused
soundoption  =$49a0; ?
AnimationToScreenOffset  =$3473; ?
pullcol  =$433d
SFXPlay  =$4ba0; ?
p2hiscore3  =$9578
ZPEndArrayVariableLo  =$31; unused
GETIN  =$ffe4; unused
SIDVoice1FreqHi  =$d401
PlayerGameOffset_JoyStickPort  =$9; ?
LevelPositionAdjustment  =$8
p1hiscore1  =$9348
p2hiscore2  =$9550
Multiplex_endIndexInternal2  =$e4
scrollMapHPos  =$17f7
SpriteFixedColours  =$7583; ?
p1hiscore6  =$9410
p2hiscore5  =$95c8
IRQ1  =$f010; ?
ZPAddressToSave  =$ac; unused
Scroller_NeedFullColourScroll  =$1
BlockTabL  =$4cc5; ?
skipcleanup  =$f498; ?
ScrollerFlipBank  =$4de6; ?
SFXVoiceWorkSize  =$d
firebutton  =$4994; ?
p1hiscore7  =$9438
p2hiscore4  =$95a0
VIC2MemorySetup_ScreenSize  =$400; unused
Multiplex_LeanAndMean  =$1
SpritePanelData  =$7585; ?
AnimationBackupLastCollisionFrame  =$3986; ?
joyignore  =$45cc; ?
p1hiscore4  =$93c0
p2hiscore7  =$9618
IRQ3  =$f080; ?
ZPEndArrayVariableHi  =$32; unused
KERNALSerialBus_SendUNTALK  =$edef; unused
SIDVoice1FreqLo  =$d400
SETLFS  =$ffba; unused
nmiAStore  =$a5; unused
Level_PreviousScrollTypeAndSpeed  =$39a1
p1hiscore5  =$93e8
p2hiscore6  =$95f0
IRQ2  =$f045; ?
CIA2PortADDR  =$dd02; unused
placenewscore  =$f347
clearchars  =$f485
p2hslo  =$f50c; ?
p2hiscore9  =$9668
kVIC2ScreenControlVBits_RasterHi  =$80; unused
CIA1ToDHoursBCD  =$dc0b; unused
DelayLoop2  =$494f
copyname  =$f323
Multiplexor_UpdateCollisionDetailsSoftEnableFlag  =$53b8; ?
p2hiscore8  =$9640
KERNALNMIServiceRoutineLo  =$fffa
Multiplex_BottomTriggered  =$c3
Multiplex_CollisionIndexes  =$bac9; ?
MusicOnly  =$476c; ?
DelayLoop1  =$494d
PlayerGameOffset_TargetVelY  =$2
kFromOffset  =$1
p1hiscore8  =$9460
ZPFilenameLen  =$b7; unused
SIDVoice2FreqLo  =$d407; unused
CIA1PortADDR  =$dc02; unused
SIDVoice3FreqHi  =$d40f; unused
Multiplex_BunchingCheck  =$1
PlayerGameOffset_TargetVelX  =$1
p1hiscore9  =$9488
kCIA2PortASerialBusVICBankBits_BankMask  =$3; unused
Multiplex_endIndexInternal  =$e4
p2hshi  =$f516; ?
RasterLinesNTSCC64  =$107; unused
Player1Information  =$2139; ?
AnimationType_Player1Death  =$2; ?
AnimationFireType  =$b940; ?
CLRCHN  =$ffcc; unused
KERNALNMIServiceRoutineHi  =$fffb
VIC2Multicolour_Green  =$d; unused
ZPDatasetteParity  =$9b; unused
SIDVoice2FreqHi  =$d408; unused
SIDVoice3FreqLo  =$d40e; unused
movepanel  =$1507
AnimationFireDirectionType  =$b960; ?
setspritepos  =$427f
EnemyAnimationBit_Left  =$2; ?
ProcessorPortDefault  =$37; unused
skip04  =$4763; ?
ZPChrGet  =$73; unused
CIOUT  =$ffa8; unused
VIC2ScreenControlHDefault  =$c8; unused
MarkCommonCode  =$4c7a; unused
NotWantingScroll  =$188e; ?
MultiplexSort_MaxSprSorted  =$bd
InitialiseMachine  =$425; ?
MaxSpriteNumber  =$7e; ?
ZPCurrentFileDeviceNumber  =$ba; unused
Multiplex_SpriteFrame  =$82
SID  =$d400
tempWork10  =$b5; unused
playsfx2  =$1711; ?
AnimationPlayer1BulletCount  =$2846; ?
ObjectAnimations  =$a7f8; ?
Bank0PanelBlankSpriteData  =$680
FlashStorePlayer1  =$3819; ?
dohi1  =$4422
kVIC2ScreenControlVBits_Extended  =$40; unused
tempWork11  =$b6; unused
Scroller_ProcessorPort  =$25
AnimationType_Player2Death  =$5; ?
skip01  =$4742; ?
TitleScreenJoystickStarted  =$47d9; ?
fillscrollcolour  =$421f
DrawBlock  =$18ae
skip02  =$474f; ?
Joy1Read  =$452f; ?
kVIC2ScreenControlVBits_Bitmap  =$20; unused
JoystickBits_AllDirections  =$f; unused
FlashStorePlayer2  =$381a; ?
PageFlipper  =$4366; ?
skip03  =$4759; ?
dohi2  =$449b
AnimationSpriteFrameCount  =$b700; ?
ZPCurrentScreenLineAddressLo  =$d1; unused
EnemyAnimationBit_Up  =$8; ?
SPRITEFRAMESCROFF  =$3f8
SkipLives2  =$78ee; ?
convfigs  =$f205
PlayerGameOffset_FirePressed  =$8
ZPDatasetteBufferOffset  =$a6; unused
SETNAM  =$ffbd; unused
defined_Multiplex_XPosLo  =$1
ScrollerTimesFiveTab  =$18a6
ScrollerSpecificCode_Size  =$4752; unused
SkipLives1  =$78ce; ?
Multiplex_endVars  =$e4
KERNALBASICStartupMessages  =$e422; unused
Multiplex_IRQServiceRoutineHi  =$ffff
PlayerRespawn  =$272e
Multiplex_XPosLo  =$22
defined_Multiplex_SpriteFrame  =$1
ZPCurrentScreenLineAddressHi  =$d2; unused
KERNALSerialBus_SendLISTENSecondaryAddress  =$edb9; unused
PlayerGameOffset_FireSpeedNeg  =$3
ZPCurrentScreenLine  =$d6; unused
pagedelay  =$4997; ?
VIC2Colour_Green  =$5; unused
VIC2Colour_LightRed  =$a; unused
HEADERex  =$f76a; unused
kVIC2ScreenControlVBits_25Rows  =$8; unused
NoSID  =$f0be
VIC2MemorySetup_SpriteSize  =$40
defined_Multiplex_XPosHi  =$1
Multiplex_ReverseOrder  =$1
EnemyAnimationBit_Down  =$4; ?
Multiplex_XPosHi  =$42
Multiplex_IRQServiceRoutineLo  =$fffe
UpdateMapBlockPointers  =$1a14
AnimationDirectionLastValidIn  =$b7c0; ?
ObjectProperties  =$a4d8; ?
PlayerGameOffset_AnimationIndex  =$0; ?
p2name3  =$956e
stacky2  =$f07d; ?
KERNALInitZPVectors  =$e453; unused
MusicPlayerInit  =$8000; ?
p2name2  =$9546
KERNALSerialBus_SendUNLISTEN  =$edfe; unused
SFXVoiceFreqLo  =$4a8b
ObjectPropertiesTabLo  =$a490; ?
stacky3  =$f0a5; ?
SIDVoice3ADSROutput  =$d41c; unused
mainXStore  =$a9
ClearGameScreens  =$1493
p2name1  =$951e
PlayerOffset_UpStop  =$2; ?
PanelCharMem  =$7785
ZPEOISerialBusSwitch  =$a3; unused
CHRIN  =$ffcf; unused
VIC2Sprite1Colour  =$d028; unused
SingleIRQ  =$f108; ?
flashnames  =$4690; ?
posfound  =$f2e7; ?
stacky1  =$f042; ?
ZPProcessorPort  =$1
ZPDatasetteBufferHo  =$b3; unused
p2name7  =$960e
JoystickBits_Down  =$2
InitGame  =$101a
ProcessorPortKERNALWithIO  =$26; unused
skipsfxplay  =$1714; ?
eMultiplex_MaintainPriority  =$0
p2name6  =$95e6
ObjectPropertiesTabHi  =$a4b4; ?
flashranks  =$4652; ?
SFXVoiceFreqHi  =$4a8c
ProcessorPortDDRDefault  =$2f
ZPTimeOfDay  =$a0; unused
ZPDatasetteBufferLo  =$b2; unused
p2name5  =$95be
UnpauseAndSetVolume  =$1779; ?
copyWaterSource  =$3787
welldoneready  =$48fa; ?
Multiplex_spriteHeightTweak  =$17
name  =$f4a1; ?
VIC2Sprite0Colour  =$d027
p2name4  =$9596
Scroller_AdditionalCharLines  =$0; unused
flashwd  =$4910
ZPSerialBusBitCounter  =$a5; unused
CIA2PortBDDR  =$dd03; unused
SFXPlayer  =$3728; ?
AnimationAnimsLo  =$b7e0; ?
ProcessorPortAllRAMWithIO  =$25
NMIServiceRoutineHi  =$319
VIC2MemorySetup_BitmapSize  =$2000; unused
CIA2ToDHoursBCD  =$dd0b; unused
MakeHiScore2  =$4499; ?
Scroller_IRQRasterAdjust  =$0
PlayerGameOffset_LastSafePosY  =$c
CINT  =$ff81; unused
TitleMain  =$41e3; ?
ZPDatasetteNameWriteCount  =$9f; unused
IOBASE  =$fff3; unused
a_char  =$f42b; ?
CIA2PortASerialBusVICBankDefault  =$3; unused
mainYStore  =$aa
p2name9  =$965e
frameTargetVelY  =$1785; ?
MakeHiScore1  =$4420; ?
BottomTitleScreen  =$121a; ?
renderscoreandlivesloop  =$78fe
AnimationSpriteFrameCountDelayInit  =$b740; ?
putscore  =$f349
KERNALSerialBus_SendTALKSecondaryAddress  =$edc7; unused
VIC2Sprite3Colour  =$d02a; unused
CIA1PortBDDR  =$dc03; unused
IRQ_InGameMode  =$102b
frameTargetVelX  =$1784; ?
p2name8  =$9636
SIDVoice2PulseWidthLo  =$d409; unused
scrollerDemo_endVars  =$b9
Scroller_NMIVectorLo  =$fffa
Multiplex_SortStore  =$54d6; unused
ZPRS232XYTemp  =$97; unused
RESTOR  =$ff8a; unused
VIC2InteruptControl  =$d01a
VIC2Colour_Red  =$2; unused
plotloop2  =$483c
Multiplex_MaxSprSorted  =$bd
sequence  =$4993; ?
AnimationAnimsHi  =$b800; ?
stacka2  =$f079; ?
ZPDatasetteByteReady  =$9c; unused
NMIServiceRoutineLo  =$318
ScrollerInitSpecificCode_End  =$61c; unused
Player2Information  =$2146; ?
InitScore  =$3c56; ?
ZPSerialBusBuffer  =$a4; unused
rt  =$4995; ?
stacka3  =$f0a1; ?
SCNKEY  =$ff9f; unused
LevelStaticCountFrames  =$399d
VIC2Sprite2Colour  =$d029; unused
SIDVoice2PulseWidthHi  =$d40a
Scroller_NMIVectorHi  =$fffb
stacka1  =$f03e; ?
ZPRS232BitBuffer  =$b5; unused
MinimalIRQServiceRoutine  =$ea81; unused
NMI_xreg  =$1137; ?
PlayerGameOffset_RightStopDiv2  =$5
AnimationHealth  =$b9c0; ?
KERNALSerialBus_SignalHighData  =$eea0; unused
RDTIM  =$ffde; unused
SCREENRAM  =$400
AnimationType_Enemy1Bullet  =$6
p1name9  =$947e
SFXCurrentVoice  =$4a88
finished_now  =$f47a; ?
SFXVoiceTotalCount  =$4a95
VIC2Sprite5Colour  =$d02c; unused
p1name8  =$9456
ScorePlayer2LivesUpdated  =$3c55; ?
SAVE  =$ffd8; unused
Multiplex_xreg  =$ba
PlayerGameOffset_Invulnerable  =$7
AnimationPlayer2BulletCount  =$2847; ?
MapDataEnd  =$7580; unused
Multiplex_CollisionIndexesLastFrame  =$bb8a; ?
JoystickBits_Left  =$4
MultiplexSort_indextable  =$c4
PlayerDeath  =$2705; ?
CheckPlayerShields  =$37a5; ?
ScrollSingle0Bank1To0_1  =$1c5d; ?
VIC2Sprite4Colour  =$d02b; unused
MainlineIsPaused  =$15f4; ?
p1name3  =$938e
ScrollerBankVisible  =$4de4
SCREEN  =$ffed; unused
NMINotTimerGenerated  =$113c; ?
p1name2  =$9366
HiScoreText1  =$92e0; ?
Multiplex_AckExitInterrupt  =$547f; ?
LevelIsPushScrolled  =$39a0; ?
storechr  =$435a; ?
so2  =$4749
ZPKeyBufferLength  =$c6; unused
RasterLengthPALC64  =$1f8; unused
p1name1  =$933e
HiScoreText2  =$94c0; ?
eMultiplex_LogCollisions  =$1
so1  =$473c
kSize_8K  =$2000; unused
VIC2Sprite7Colour  =$d02e; unused
SIDVoice3PulseWidthLo  =$d410; unused
PlayerGameOffset_LastSafePosXLo  =$a
p1nmhi  =$f502; ?
p1name7  =$942e
soundtemp  =$3816; ?
scorelen  =$6
Scroller_SpriteDiscardAdjust  =$0
p1name6  =$9406
AnimationDirectionToFrame  =$2826
Animation_DirectionalBits  =$b780; ?
ScrollerSetBank  =$4deb; unused
PlayerOffset_Enabled  =$12; ?
p1name5  =$93de
ScrollSingle1Bank0To1_1  =$1b11; ?
VIC2ScreenColour  =$d021
VIC2Sprite6Colour  =$d02d; unused
SFXVoiceFreqDirection  =$4a93
p1name4  =$93b6
SIDVoice3PulseWidthHi  =$d411
PlayerGameOffset_LastSafePosXHi  =$b
p1nmlo  =$f4f8; ?
Multiplex_bal  =$c1
scrollRegUsedX  =$1143
playmusiconly  =$14fa; ?
copyp2score  =$f29f
clearnameoutput  =$f389
ScrollerScreenCharMovedX  =$14b4
SCROLLSPEED  =$4332
WellDoneText  =$96f0; ?
ScrollerScreenCharMovedY  =$14b5
AnimationSpriteXDiv2ToChar  =$3173
ScorePlayer1LivesUpdated  =$3c4d; ?
EndScreenLoop  =$4908
CIA2ToDMinsBCD  =$dd0a; unused
RasterLengthNTSCC64  =$208; unused
Multiplex_bah  =$c2
Multiplex_OverflowRasterCheck2  =$1
AnimationTriggerEnemies  =$28c2; ?
SetupSingleIRQ  =$f0d2; ?
LISTEN  =$ffb1; unused
VIC2ScreenCharsHeight  =$19; unused
SFXMulBy7Tab  =$4ab1
PlayerGameOffset_LeftStopDiv2  =$4
checkendchar  =$f45e; ?
MusicInit  =$8000; ?
movenextpage  =$437a; ?
ScoreSpriteRender  =$3caf
SetupSFX  =$4778; ?
postable  =$49a1; ?
AnimationBulletCount  =$2848
LevelSetupNextLevel  =$3bb2; ?
charisok  =$f46a; ?
Multiplex_OverflowRasterCheck1  =$1
ScrollerDemoInitOneTimeData  =$4ba; ?
BottomBorderLessTime  =$1300; ?
UNLSN  =$ffae; unused
Multiplex_jumplo  =$bf
namefinished  =$f49f; ?
ScrollerOpenBorderCopyBank1  =$4dd1; ?
SpriteScoreChars  =$b400; ?
ZPSTVariable  =$90; unused
ScrollerUpdateTopIRQ  =$4ddd; ?
ScrollerOpenBorderCopyBank0  =$4dc5; ?
Multiplex_MaxSpr  =$bc
flashheader  =$f3c3
Multiplex_rasterHeight  =$3
BASICSTART  =$801; unused
CIA2TimerBControl  =$dd0f
AnimationEnemyTriggerSkipMap  =$2889; ?
sortstart  =$5520; ?
putname  =$f353
p2nmhi  =$f52a; ?
CIA1ToDSecsBCD  =$dc09; unused
Multiplex_jumphi  =$c0
AnimationType_Enemy1Death  =$e
BASICTailNEWCLRInitStack  =$a659; unused
CIA2TimerAControl  =$dd0e
GameOverScreen  =$4804; ?
frameScrollPos  =$17fa; ?
SFXVoiceFreqLoSpeed2  =$4a90
docredits  =$43aa
VECTOR  =$ff8d; unused
CIA1KeyboardRowsJoystickB  =$dc01
SFXSIDInit  =$4acf; ?
flashlineheader  =$4712; ?
CHARROM  =$d000; unused
EndScreen  =$4871; ?
Multiplex_maininter  =$4e01
p2nmlo  =$f520; ?
CIA1SerialShift  =$dc0c; unused
NMI_yreg  =$1138; ?
ScrollerDrawStripLeftColour  =$20a2; ?
PlayerNumberToSpawnNext  =$14b3
ClearSID  =$414e; unused
ZPRS232BitCounter  =$b4; unused
Scroller_AdditionalCharLinesBankAdjust  =$0; unused
ScrollerOffScreen  =$188f; ?
VIC  =$d000; unused
upit  =$461f
DefaultLOADRoutine  =$f4a5; unused
CIA1TimerBControl  =$dc0f
NMI_areg  =$1136; ?
ZPRS232BusBuffer  =$a7; unused
KERNALSerialBus_SignalLowClock  =$ee85; unused
Multiplex_yreg  =$bb
MEMTOP  =$ff99; unused
CIA1TimerAControl  =$dc0e
TitleScreenAnimationHook  =$47c7; unused
Multiplex_ISFP8  =$4f40
ZPStopKeyIndicator  =$91; unused
Multiplex_areg  =$b9
Multiplex_ISFP9  =$4fb8
KERNALIRQServiceRoutineHi  =$ffff
Multiplex_CollisionCounter  =$bac0; ?
creditsdone  =$441f; ?
Multiplex_ISFP6  =$4f02
VIC2SpritePriority  =$d01b
ScrollerDemo_OverrunTopIRQFlag  =$1787
copyp1score  =$f256
Multiplex_ISFP7  =$4f21
CalcScrollerInvertedMapPos  =$1f1a
MessageScrollX  =$4138; unused
Multiplex_ISFP4  =$4ec4
SIDVoice1PulseWidthLo  =$d402
JNotWantingScroll  =$1856
Multiplex_ISFP5  =$4ee3
CyclesPerSecondPALC64  =$f08a0; unused
KERNALIRQServiceRoutineLo  =$fffe
VIC2Sprite5X  =$d00a
CheckSoundOption  =$4764; ?
Multiplex_ISFP2  =$4e86
VIC2Sprite7Y  =$d00f
NMI  =$f0a7; ?
VIC2Sprite5Y  =$d00b
SFXVoiceFreqHiSpeed2  =$4a8e
Multiplex_ISFP3  =$4ea5
VIC2Sprite7X  =$d00e
ScrollerInitSpecificCode_Start  =$400
Multiplex_CollisionCounterLastFrame  =$bb89; ?
VIC2Sprite1X  =$d002
irqAStore  =$a2
Player1TestSpawnPosition  =$2766; ?
VIC2Sprite3Y  =$d007
ZPDatasetteTiming  =$92; unused
VIC2MemorySetup  =$d018
SetupIRQsForTitleScreen  =$1070; unused
panelIRQDone  =$113b
TitleScreenCharData  =$ae88; ?
VIC2Sprite1Y  =$d003
SIDVoice1PulseWidthHi  =$d403
Multiplex_ISFP1  =$4e67
VIC2Sprite3X  =$d006
AnimationYPos  =$b6a0; ?
ZPFilenameLo  =$bb; unused
VIC2Colour_LightGrey  =$f; unused
ShieldFlashOK  =$37f2; ?
scfont1f  =$791c; ?
VIC2ExtraBackgroundColour3  =$d024; unused
CharData  =$c000; unused
VIC2ExtraBackgroundColour2  =$d023
ZPFileNumberCurrentInputDevice  =$13; unused
scfont1d  =$7910; ?
CLOSE  =$ffc3; unused
SetupIRQs  =$102d; ?
VIC2ExtraBackgroundColour1  =$d022
SaveRoutineHi  =$333; unused
scfont1e  =$7916; ?
MarkEndCode  =$4e01; unused
AnimationSpriteFrameCountDelay  =$b720; ?
colourflashsetup  =$45da; ?
EndScreenLoop2  =$4930; ?
ZPFilenameHi  =$bc; unused
scfont1b  =$7904; ?
RNDWithParam  =$e0be; unused
PlayerOffset_NumBullets  =$a; ?
fetchsprites  =$4272
listlen  =$a
scoreget  =$f2ce
CIA1KeyboardColumnJoystickA  =$dc00
DisableUpdateMultiplexorToAnimation  =$1; unused
scfont1c  =$790a; ?
AnimationMovementFrameCount  =$b8a0; ?
Multiplex_exitinter  =$547a; ?
scorecmp  =$f2d1; unused
ProcessorPortAllRAM  =$20
VIC2SpriteYBorderTop24  =$36; unused
SaveRoutineLo  =$332; unused
ScrollerSpecificCode_Start  =$1000
scfont1a  =$78fe; ?
CLALL  =$ffe7; unused
STOP  =$ffe1; unused
Multiplexor_UpdateCollisionDetails  =$53b9; ?
AnimationFireRateCount  =$b980; ?
SFXInit  =$4b07; ?
ScrollerBankBackBuffer  =$4de5
skullcharPlayer1  =$7946; unused
hslo  =$f4bc; ?
ScrollerDemoWaitMultiplex  =$17bb; ?
RenderNewScorePanel  =$77f5; ?
logomatrix  =$b250; ?
Multiplex_ISFP16  =$5370
mainAStore  =$a8
Multiplex_ISFP15  =$52e8
ZPCurrentScreenColumn  =$d3; unused
VIC2Colour_Blue  =$6; unused
AnimationMutateToType  =$29f6; ?
pagevalue  =$4999; ?
Multiplex_ISFP14  =$5260
KERNALSerialBus_SendDataDeferred  =$eddd; unused
Scroller_FullScreen  =$1
ColourTabH  =$4cac; unused
Player1Score  =$f4aa; ?
Multiplex_ISFP13  =$51d8
topScreenBank  =$113e
copygrcol  =$4585
hshi  =$f4c6; ?
Multiplex_items  =$20
Multiplex_ISFP12  =$5150
ScrollerNMI1  =$1100; ?
Multiplex_ISFP11  =$50c8
ZPSerialBusCacheStatus  =$94; unused
PlayerOffset_ExtraLife  =$11; ?
Multiplex_ISFP10  =$5040
EZPFlagFlagRepeatKeys  =$28a; unused
Multiplex_LogCollisions  =$1
kVIC2ScreenControlHBits_Multicolour  =$10; unused
VIC2MemorySetupDefault  =$15; unused
MultiplexExt_LastIRQ  =$11d6
LevelStaticCountSeconds  =$399c
AnimationSpriteYToCharOffsetHi  =$3373
CIA2PortASerialBusVICBank  =$dd00
BankToScreenAddr  =$113f
z_char  =$f431; ?
LevelProgress  =$3bd2; ?
PlayerInvulnerableTime  =$64
MapTabH  =$be00; ?
SetupScoreAdd  =$392c; ?
fnameloop  =$4692
C64Cartridge_Hi_8K  =$e000; unused
BASICExecuteNextStatement  =$a7ae; unused
VIC2ExtraSpriteColour2  =$d026
ClearGameScreensChar  =$0
Player2Score  =$f4b0; ?
flashscores  =$46ce; ?
ScorePlayer2XPos  =$e4; unused
nextdigit  =$f2d9; ?
AnimationConvertXYToDirection  =$3142; ?
AnimationSpriteYToCharOffsetLo  =$3273
LevelProperties  =$a5fa; ?
PanelFont  =$7785
CopyGetReadyText  =$4568
MapTabL  =$bd00; ?
VIC2ExtraSpriteColour1  =$d025
MultiplexSort_YPos  =$2
DelayRoutine  =$494b; ?
Wobbler  =$4512; ?
ZPStartStringVariableLo  =$33; unused
ScorePlayer1Updated  =$3c4c
ZPDisplaySystemErrorSwitch  =$9d; unused
AnimationKillEverythingExceptPlayers  =$2867
VIC2ScreenCharsWidth  =$28; unused
SIDVoice3Control  =$d412
EnemyAimTest  =$1
BASICROM  =$a000; unused
KERNALRestoreIOVectors  =$fd15; unused
ShieldCloakPlayer2  =$37db; ?
msbloop  =$4317
SIDVoice2Control  =$d40b
Multiplex_spritepointer  =$cbf8
InitialiseGame  =$14b6; ?
ShieldCloakPlayer1  =$37bf; ?
joydelay  =$f49e; ?
AnimationXPosHi  =$b680; ?
KERNALInitIO  =$fda3; unused
dogameover  =$41dd; ?
ZPStartStringVariableHi  =$34; unused
SIDVoice1Control  =$d404
Scroller_NMITimerAdjust  =$0
CopyGameOverText  =$4817
SFXVoiceAttackDecay  =$4a8a
AnimateWaterChars  =$3737; ?
hi_down  =$f40f; ?
ScrollSingle2Bank0To1_1  =$1bb4; ?
ScorePlayer2Updated  =$3c54
SFXVoiceFreqHiSpeed  =$4a91
AnimationXPosLo  =$b660; ?
ZPRS232OutByte  =$9e; unused
PlayerOffset_BulletDuration  =$d; ?
ProcessorStack  =$100; unused
Multiplex_SetSpritePointer  =$5721; ?
LevelSwitchOverride  =$3bd1; ?
flashhiscoredata  =$4645; ?
Scroller_EnableBlockColourSpeedCode  =$1; unused
done_there  =$1505; ?
p1hiscore10  =$94b0
EZPFlagAutoScrollDown  =$292; unused
colourdelay  =$499a; ?
CIA1ToDMinsBCD  =$dc0a; unused
CIA2PortASerialBusVICBank_Bank2  =$1; unused
PlayerGameOffset_Lives  =$6; ?
scrollMapLPos  =$17f9
ScorePlayer1XPos  =$2c; unused
CIA2PortASerialBusVICBank_Bank3  =$0; unused
playerno  =$f554; ?
ShieldFlashTable2  =$381f; ?
NoLivesPlayer1  =$78cc; ?
KERNALVIC_DefaultValues  =$ecb9; unused
CIA2PortASerialBusVICBank_Bank0  =$3
ShieldFlashTable1  =$381b; ?
ScrollerSpecificCode_End  =$5752; unused
NoLivesPlayer2  =$78ec; ?
DefaultNMIServiceRoutine  =$fe47; unused
CIA2PortASerialBusVICBank_Bank1  =$2; unused
AnimationCollisionLogic  =$b9e0; ?
ZPExTapeIOBuffer  =$33c; unused
KERNALSerialBus_DelayOneMillisecond  =$eeb3; unused
VIC2Colour_Black  =$0
EndOfTableMemory  =$bf00
ColourTempTable1  =$4a70; ?
CIA2  =$dd00; unused
RS232OutputBufferHi  =$fa; unused
DefaultSTOPVector  =$f6ed; unused
LevelWantPushScroll  =$399f; ?
txtcol  =$f377; ?
Scroller_IsHorizontalLeft  =$1
ColourTable1  =$4a50; ?
outputmessage  =$f36b
ZPSerialBusCache  =$95; unused
VIC2MemorySetup_CharsSize  =$800; unused
AnimationPoints  =$ba40; ?
VIC2SpriteSpriteCollision  =$d01e
SIDVolumeFilter  =$d418
AnimationExplosionSFX  =$ba20; ?
ColourTable2  =$4a58; ?
DrawBlockColour  =$1989
ColourTempTable3  =$4a80; ?
SFXTempVar  =$4ab0
CIA1  =$dc00; unused
hi_char  =$f4a0; ?
exitscroll  =$4365; ?
ColourTable3  =$4a60; ?
ColourTempTable2  =$4a78; ?
CIA2ToDSecsBCD  =$dd09; unused
Multiplex_indextable  =$c4
Scroller_SkipEmptySpriteExplodingEnemies  =$1
ColourTable4  =$4a68; ?
SFXVoiceFreqHiCountInit  =$4a92
ScorePlayer2RenderLivesForce  =$3f4f; ?
RS232OutputBufferLo  =$f9; unused
InitPlayer2  =$15d0; ?
AnimationSpriteColour  =$b6c0; ?
ExpandMSB  =$4315; ?
Scroller_Split2Adjust  =$0; unused
ScorePlayer2RenderLives  =$3f49; ?
VIC2SpriteXBorderRight  =$158
VIC2SpriteYBorderTop  =$32
InitPlayer1  =$15ad; ?
BGDelayOK  =$3742; ?
stopnameentry  =$f3e1; ?
VIC2ScreenControlH  =$d016
SIDVoice1AttackDecay  =$d405
frameScrollMoveColours  =$17fc; ?
SFXVoiceControl  =$4a89
ScorePlayer1RenderLivesForce  =$3e57; ?
VIC2Multicolour_Blue  =$e; unused
TKSA  =$ff96; unused
SIDVoice2SustainRelease  =$d40d; unused
RS232InputBufferHi  =$f8; unused
hi1finished  =$4498; ?
VIC2ScreenControlV  =$d011
Multiplex_DiscardSpritesYPos  =$f3
MapData  =$6580; ?
ZPPrevKeyPressed  =$c5; unused
CLRSCR  =$e544; unused
GameOverText  =$96c8; ?
VIC2Colour_LightBlue  =$e; unused
copynext  =$f2ef
oldScrollMapHY  =$39a4
WellDoneTextLoop  =$4884
SIDVoice3SustainRelease  =$d414; unused
kToOffset  =$0
RS232InputBufferLo  =$f7; unused
InitialiseGameWithoutWait  =$14ba; unused
displaycredits  =$4390; ?
irqXStore  =$a3
delete_char  =$f41f; ?
TALK  =$ffb4; unused
ShieldFlashDelay  =$3817; ?
GetReadyLoop  =$457d
SETTIM  =$ffdb; unused
ScrollerExitMainLineCounter  =$15f3; ?
SETTMO  =$ffa2; unused
VIC2Colour_Grey  =$c; unused
kVIC2ScreenControlVBits_ScreenOn  =$10; unused
GetReadyText  =$96a0; ?
ScorePlayer1RenderForce  =$3daf; ?
displayhi1  =$4398; ?
scrolltext  =$f604; ?
VIC2Multicolour_Black  =$8; unused
topScreenScrollPos  =$113d
displayhi2  =$43a0; ?
VIC2SpriteSizeY  =$15
KERNALSerialBus_SendLISTEN  =$ed0c; unused
VIC2SpriteSizeX  =$18
SIDVoice1SustainRelease  =$d406
CopyFontToSprite  =$78fa; unused
Scroller_NoSpriteYAdjust  =$1
GameOverLoop  =$4834
AnimationUpdateEnemyFire  =$2aba; ?
LOAD  =$ffd5; unused
irqYStore  =$a4
ScrollerDemoMainline  =$15fb; ?
SFXVoiceFreqLoSpeed  =$4a8d
VIC2LightPenX  =$d013; unused
VIC2LightPenY  =$d014; unused
dowobble  =$4519
VIC2_Bank0+2=$0; unused
VIC2SpriteEnable  =$d015
ProcessFlashShield  =$37e7; ?
LevelInit  =$39a7; ?
stackx2  =$f07b; ?
VIC2_Bank1  =$4000; unused
AnimationEnemyTriggerInit  =$287e; ?
CheckHiScore  =$4945; ?
VIC2SpriteDoubleWidth  =$d01d
stackx3  =$f0a3; ?
VIC2_Bank2  =$8000; unused
nameend  =$f4aa; unused
VIC2_Bank3  =$c000; unused
BRKServiceRoutineLo  =$316; unused
stackx1  =$f040; ?
SIDVoice3WaveformOutput  =$d41b; unused
ScrollSingleColour_1  =$1e4c; ?
CIA2ToD10thSecsBCD  =$dd08; unused
BottomBorder  =$1318; ?
cleanup  =$f493; ?
CheckPlayer1Shield  =$37af; ?
joyp1gr  =$45ad; ?
flashpf  =$4722
BRKServiceRoutineHi  =$317; unused
Scroller_SpriteXAdjust  =$1
nohiscor  =$f35b; ?
Multiplex_EnableEarlyOut  =$1
VIC2SpriteXBorderMiddle38  =$a8; unused
CIA1TimerAHi  =$dc05; unused
RasterLinesPALC64  =$138; unused
clearit  =$4150
objpos  =$49b1; ?
Multiplex_intNextSpr7  =$5312; unused
RAMTAS  =$ff87; unused
VIC2SpriteDoubleHeight  =$d017
CIA1ToD10thSecsBCD  =$dc08; unused
DisplayTitleScreen  =$4139; ?
Multiplex_intNextSpr6  =$528a; unused
ZPFlagCursorFlash  =$cc; unused
CyclesPerRasterNTSCC64  =$41; unused
PlayerOffset_LeftStopHi  =$1; ?
LevelStaticTicks  =$32
CheckPlayer2Shield  =$37cb; ?
Multiplex_intNextSpr5  =$5202; unused
VIC2Multicolour_Cyan  =$b; unused
CIA2TimerAHi  =$dd05
resetcolourflash  =$4606; ?
Multiplex_intNextSpr4  =$517a; unused
nmhi  =$f4da; ?
KERNALSerialBus_SendTALK  =$ed09; unused
CIA1TimerALo  =$dc04; unused
Scroller_LinkedPlayersOffsetX  =$0; unused
hi2done  =$4511; ?
Multiplex_intNextSpr3  =$50f2; unused
singlestackx  =$f132; ?
donotgoback  =$f45d; ?
ZPRS232Parity  =$ab; unused
Scroller_LinkedPlayersOffsetY  =$ffffffeb; unused
ScorePlayer1RenderLives  =$3e51; ?
StartOfTableMemory  =$bf00
singlestacky  =$f134; ?
EnemyAnimationBit_Right  =$1; ?
Multiplex_intNextSpr2  =$506a; unused
CollisionHotSpotTweakY  =$8; unused
Player1Properties  =$a5d4; ?
joyhiok  =$f3f5; ?
PlayerOffset_LeftStopLo  =$0; ?
Multiplex_intNextSpr1  =$4fe2; unused
ZPAddressToLoad  =$ae; unused
SIDVoice2AttackDecay  =$d40c; unused
CIA2TimerALo  =$dd04
CollisionHotSpotTweakX  =$4
ScrollerInitSpecificCode_Size  =$21c; unused
MusicPlay  =$8003; ?; unused
AnimationFindFreeSlot  =$29e3; ?
Multiplex_intNextSpr0  =$4f5a
nmlo  =$f4d0; ?
KERNALInitIOAdditional  =$ff5b; unused
BottomBorder2  =$1373; ?
PlayerOffset_CharacterCollision  =$f; ?
HiScoreText  =$f534; ?
STOPVectorHi  =$329; unused
JoystickBits_Up  =$1
AnimationType_Enemy1  =$16
KERNALColdStartResetHi  =$fffd; unused
BottomBorder3  =$142d; ?
WaitingLoop  =$4978
d016table  =$4a00; ?
ZPEndBasicLo  =$37; unused
Multiplexor_UpdateCollisionDetailsSoftEnable  =$1
AnimationBulletSpeedX  =$ba60; ?
LevelDoSkipNow  =$3a08
MusicPlayerPlaySFX  =$8009; unused
ScoreSpriteRenderSingle  =$3c70
franksloop1  =$4654
Scroller_LinkedEnemyTest  =$1
Bank0ScorePanelChars  =$800
InitBank0Data  =$1463
AnimationBulletSpeedY  =$ba80; ?
TitleScreenChars  =$ac80; unused
sm  =$f3e7; ?
STOPVectorLo  =$328; unused
hi_fire  =$f437; ?
KERNALSerialBus_SignalHighClock  =$ee8e; unused
KERNALColdStartResetLo  =$fffc; unused
singlestacka  =$f130; ?
ZPEndBasicHi  =$38; unused
EZPStringDisplayHiAddress  =$288; unused
ScrollSingle2Bank1To0_1  =$1da3; ?
EZPFlagTempIRQDuringTapeIOLoHi  =$29f; unused
DefaultSaveRoutine  =$f5ed; unused
HandleUserInput  =$26fe; ?
xpos  =$4996; ?
RasterColourTable  =$b390; unused
LevelCalculateTotalScrollValue  =$3b82; ?
EZPCurrentCharColourCode  =$286; unused
ScrollerDemoWaitTopIRQWithReSync  =$1789; ?
ScorePlayer2RenderForce  =$4047; ?
PlayerOffset_RightStopLo  =$3; ?
fscoresloop  =$46d0
MarkMultiplexorEndCode  =$5752; unused
cleardat  =$4958
Scroller_EnableBlockStripsSpeedCode  =$1; unused
ScreenTabL  =$4c7a; ?
SPRITEFRAME  =$7f8; unused
CHKOUT  =$ffc9; unused
colourpointer  =$499b; ?
WaitingLoop2  =$497a
ZPRS232BusBitCounter  =$a8; unused
VIC2SpriteXBorderLeft38  =$1f; unused
ScrollerDemoWaitTopIRQ  =$179a; ?
SIDFilterCutoffFreqLo  =$d415; unused
TotalScrollPosition  =$17fd; ?
WaitingLoop3  =$497c
CIA1InterruptControl  =$dc0d
Multiplex_DiscardSpritesYPosForSort  =$f4
score  =$f4b6; ?
IRQOpenBorders  =$1
DrawnScoreSprites  =$fdc0; ?
PlayerOffset_RightStopHi  =$4; ?
nojoyp2  =$453c; ?
joyport  =$f3fa; ?
ScreenTabH  =$4c93; ?
ScoreAdd  =$40eb; ?
HiScoreCheckRoutine  =$f2c0; ?
nojoyp1  =$454a; ?
nameentryloop  =$f3ae
cleardat2  =$495a
SIDFilterCutoffFreqHi  =$d416; unused
CIA2InterruptControl  =$dd0d
ScrollEntry  =$1000; ?
AnimationAttackWaveAddr  =$2849
topScreenScrollYUsedIRQ  =$102c
ShieldFlashPointer  =$3818; ?
SFXTable  =$a694; ?
LevelFrameLogic  =$39da; ?
flashline1  =$4714
ScrollerDemo_OverrunPanelIRQFlag  =$1788
colourstore2  =$499d; ?
Scroller_DiscardMinSpriteYPos  =$1d
AnimationBulletDuration  =$baa0; ?
AnimationMovementAddrLo  =$b820; ?
colourstore3  =$499e; ?
SpriteEmptyLookupTab  =$b500; ?
ScrollerDemo_OverrunCounter  =$1786
Multiplex_Sortlo  =$b600; ?
MarkBeginData  =$5752; unused
Scroller_IsHorizontal  =$1
NotWantingColourScroll  =$18a5; ?
colourstore1  =$499c; ?
finishedmusicfade  =$4992; ?
UNTLK  =$ffab; unused
VIC2SpriteMulticolour  =$d01c
Scroller_Split2Adjust2  =$0; unused
ZPNumFilesOpen  =$98; unused
AnimationMovementAddrHi  =$b840; ?
SpriteData  =$d000; ?
PlayerOffset_BulletSpeed  =$c; ?
Multiplex_Sorthi  =$b620; ?
AnimationFireSFX  =$ba00; ?
AnimationFireSpeed  =$b900; ?
clearscreen  =$47e2; ?
colourstore4  =$499f; ?
VIC2Colour_Brown  =$9; unused
levelStart  =$0
VIC2Colour_DarkGrey  =$b
nmiYStore  =$a7; unused
TestSoundOption  =$472e; ?
ZPProcessorPortDDR  =$0
VIC2SpriteXBorderLeft  =$18
Multiplexor_UpdateCollisionDetailsNoCheck  =$53c3; ?
Multiplex_YPos  =$2
DrawMap  =$1a33; ?
ZPStartVariableLo  =$2d; unused
LevelPointer  =$39a2
PLOT  =$fff0; unused
AnimationDirectionIsValid  =$2836
KERNALSerialBus_ReceiveData  =$ee13; unused
MusicPlayerPlay  =$8003; ?
FullExplosion  =$36f0; ?
oldScrollMapHY2  =$39a5
VIC2Multicolour_White  =$9; unused
InitPlayers  =$2153; ?
eAdjust_Multiplexor_UseShiftedYPos  =$0
FontMemHi  =$7979; ?
MarkEndData  =$a784; unused
AnimationFireRateInit  =$b9a0; ?
AnimationUpdateFrameMovement  =$2e9b; ?
TitleScreenIRQNew  =$efc0; ?
GameOverLoop2  =$485c; ?
space_char  =$f425; ?
defined_Multiplex_YPos  =$1
ScrollerInitTables  =$17ff; ?
SFXVoiceFreqHiCount  =$4a94
doendsequence  =$41e0; ?
Multiplex_intNextSpr0Reset  =$4f8d; unused
flipnext  =$436f; ?
ZPStartVariableHi  =$2e; unused
Multiplex_Sort  =$54d4; ?
TitleScreenWaitForOffScreenFromRaster  =$47da; ?
JoystickControl  =$4528; ?
CreditsText  =$9100; ?
VIC2Colour_Cyan  =$3; unused
ScrollerInvertedMapPos  =$1f19
SFXIndexToWorkVoiceTab  =$4acc
ClearScreen  =$47e2; ?
SIDVoice3AttackDecay  =$d413; unused
nmiXStore  =$a6; unused
COLOURRAM  =$d800
KERNALSerialBus_SendData  =$ed40; unused
JoystickBits_Right  =$8
SFXMulBy10Tab  =$4ab4
SyncTimer  =$430a; ?
scorePanelPos1  =$f4
IrqTopOfScreen  =$1145; ?
BankToScreenAddrNext  =$1141
AnimationMoveSpeed  =$b8e0; ?
ZPStartArrayVariableLo  =$2f; unused
ZPCurrentStringVariableLo  =$35; unused
LoadRoutineLo  =$330; unused
scorePanelPos2  =$fa
AnimationType_Player1Bullet  =$1; ?
lastscor  =$f32e; ?
MACROMultiplex_SortBlockByteLength  =$11; ?
Multiplex_counter  =$be
Scroller_PlaySoundEffectsDuringGame  =$1
IOINIT  =$ff84; unused
MEMBOT  =$ff9c; unused
CyclesPerSecondNTSCC64  =$f9b07; unused
ScorePlayer2  =$3c4e; ?
RasterColourTableType  =$b3d0; unused
nameentry  =$f35c; ?
MarkMainCode  =$1463; unused
PlayerOffset_Directional  =$b; ?
ZPStartArrayVariableHi  =$30; unused
Multiplex_Colour  =$62
ZPCurrentStringVariableHi  =$36; unused
LoadRoutineHi  =$331; unused
AnimationClearMultiplexor  =$15a3; ?
bottomMultiplexIRQDone  =$113a
AnimationInit  =$284b; ?
RND  =$e097; unused
defined_Multiplex_Colour  =$1
ScorePlayer1  =$3c46; ?
fadeoutmode  =$4956; ?
drawlogo  =$41e5
TitleLoop  =$42e2
EnemyBulletToPlayerBulletTest_Type1  =$7; unused
SFXVoiceFreqDecay  =$4a8f
CHROUT  =$ffd2; unused
playsfxonly  =$1502; ?
loop1  =$f05b
SETMSG  =$ff90; unused
AnimationType_Player1  =$0; ?
kVIC2ScreenControlHBits_40Columns  =$8; unused
EnemyBulletToPlayerBulletTest_Type3  =$a; unused
PlayerOffset_StartYPos  =$8; ?
flashpressfiretext  =$4720; ?
Multiplex_InitSort  =$54a4; ?
AnimationType_Player2  =$3; ?
ScrollerCalculate  =$1822; ?
OptionSpriteData  =$f584; ?
Multiplex_VarBase  =$b9
EnemyBulletToPlayerBulletTest_Type2  =$8; unused
maketemproll  =$460b; ?
PlayerOffset_StartXPosHi  =$7; ?
VIC2Sprite4X  =$d008
MemoryMappedIOArea1  =$de00; unused
VIC2Sprite6Y  =$d00d
VIC2Sprite4Y  =$d009
VIC2Colour_Orange  =$8; unused
no_fire  =$f49d; ?
VIC2Sprite6X  =$d00c
ScreenData  =$c800
DefaultIRQServiceRoutine  =$ea31; unused
KERNALSerialBus_WaitSignalStable  =$eea9; unused
VIC2Sprite0X  =$d000
AnimationType_Player2Bullet  =$4; ?
VIC2Sprite2Y  =$d005
VIC2Colour_White  =$1
kVIC2NumSprites  =$8; unused
Player2TestSpawnPosition  =$27de; ?
ZPLoadVerify  =$93; unused
MemoryMappedIOArea2  =$df00; unused
Scroller_NMITimerAdjustNTSC  =$0
PlayerOffset_StartXPosLo  =$6; ?
ZPCurrentInputDevice  =$99; unused
VIC2Sprite0Y  =$d001
VIC2Sprite2X  =$d004
AnimationMovementMove  =$b8c0; ?
skipsfx3  =$3736; ?
smpreviousStack1  =$4ab; ?
smpreviousStack2  =$4ae; ?
initNMI  =$4b9; ?
initIRQ  =$4b2; ?
w1  =$481
fc1  =$5e0
fc3  =$4c9
fc2  =$4cf
noc1  =$5d2; ?
ov1  =$4da; ?
ov3  =$528; ?
ov2  =$501; ?
ov5  =$576; ?
ov4  =$54f; ?
ov7  =$5c4; ?
ov6  =$59d; ?
nfc3  =$5da; ?
l1  =$1000; unused
o1  =$1013; ?
o2  =$1017; ?
previousStack  =$1012; ?
l1  =$100c
wasTimer  =$1118; ?
retNMI  =$112c; ?
notUpperBank  =$11b4; ?
timerCountHorizontal  =$b5c
noLessTimeEnd  =$1212; ?
inGameMode  =$11f1; ?
l1  =$1308
wait2  =$137b
wait  =$1322
backupCollision  =$1462; ?
intoBottomBorder  =$132f; ?
spr1  =$148c
spr2  =$147c
cch2  =$1470
address  =$680
clm1  =$1497
stick0Tests  =$1558; ?
next1  =$1548; ?
next0  =$1568; ?
over  =$1575; ?
w1  =$14c8
l1  =$15a7
frameScoreUpdate  =$1778; ?
quitKeyPressed  =$15f6
notRunStop  =$164d; ?
noKey  =$1659; ?
fireUnpause  =$1672; ?
notPressedRS  =$1697; ?
pauseKeyPressed  =$15f5
again  =$1632
notPressedQ  =$16a7; ?
overRSTest  =$169c; ?
doLoop  =$1775; ?
noOthers  =$16ef; ?
player2SpellKeyPressed  =$15fa
player1SpellKeyPressed  =$15f9
notPaused  =$16af; ?
rsReleasetoggle  =$15f8
next2  =$16ea; ?
noQuitKey  =$1659; ?
next1  =$16e2; ?
doSpawnCommon  =$16ca; ?
fireUnpause2  =$1691; unused
notS3  =$1744; ?
notS2  =$173d; ?
notS1  =$1733; ?
notS0  =$1729; ?
afterScrollerDemoWaitScorePanel  =$1750; unused
skipMusicUpdate  =$1714; unused
scannedKeys  =$15f7
testStick1  =$16c3; ?
overFire  =$1675; ?
afterScrollerDemoWaitTopIRQ  =$1615; unused
retFromGame  =$16a6; ?
o2  =$1612; ?
o1  =$160e; ?
previousStack  =$160d; ?
l1  =$1607
l1  =$17b0; ?
l1  =$17cb; ?
l1  =$17ec; ?
fma1  =$1809
over2  =$181e; ?
noCharsWanted  =$1850; ?
notMoreThan2  =$182f; ?
notNeg  =$1829; ?
noColourWanted  =$1848; ?
want1Scr1To0_1  =$188b; ?
want0Scr1To0_1  =$1880; ?
want2Scr1To0_1  =$1875; ?
do0  =$1878; ?
do1  =$1883; ?
scrollScreen  =$1859; ?
over6  =$196a; ?
over4  =$1922; ?
over5  =$1946; ?
over3  =$18fe; ?
l1  =$1a38
l2  =$1a3a
sm1  =$1a3a; ?
notHigh2  =$1a50; ?
l2  =$1ae7
l1  =$1a70
l2  =$1b8a
l1  =$1b13
l1  =$1bb6
l2  =$1c2d
l1  =$1c5f
l2  =$1cd6
l2  =$1d79
l1  =$1d02
l2  =$1e1c
l1  =$1da5
noBlockWrap  =$1f16; ?
l1  =$1e4f
l2  =$1e97
noColourUpdate  =$1f04; ?
GetBlockFromMap  =$1f5d
sm2  =$1f69
sm1  =$1f5d; ?
GetBlockChar  =$1f69
mapLY  =$1f19
mapHY  =$17f7
noc1  =$1f7a; ?
s1  =$1f68; ?
mapHY2  =$17f8
partial  =$1fe2; unused
DrawWholeBlock  =$1f7c; ?
over6  =$1fa1; ?
over6  =$1fb1; ?
over6  =$1fc1; ?
over6  =$1fd1; ?
over6  =$1fe1; ?
GetBlockFromMap  =$201c
sm1  =$201c; ?
sm2  =$2028
GetBlockChar  =$2028
mapHY  =$17f7
mapLY  =$1f19
noc1  =$2039; ?
s1  =$2027; ?
mapHY2  =$17f8
partial  =$20a1; unused
DrawWholeBlock  =$203b; ?
over6  =$2060; ?
over6  =$2070; ?
over6  =$2080; ?
over6  =$2090; ?
over6  =$20a0; ?
sm1  =$20d8; ?
GetBlockFromMap  =$20d8
DrawWholeBlockColour  =$20e4; ?
partial  =$2138; unused
mapHY2  =$17f8
s1  =$20e3; ?
mapHY  =$17f7
mapLY  =$17f9; unused
over6  =$20f7; ?
over6  =$2107; ?
over6  =$2117; ?
over6  =$2127; ?
over6  =$2137; ?
playerInformation  =$2139; ?
playerProperties  =$a5d4; ?
playerInformation  =$2146; ?
playerProperties  =$a5e7; ?
player1Control  =$21e6
player2Control  =$2472
notRight  =$2446; ?
notLeftP  =$237a; ?
notHitRight  =$22c9; ?
notAlive  =$21f4; ?
doLinkCode  =$0
animationType_PlayerBullet  =$1; ?
notUpper  =$234f; ?
animationType_PlayerDeath  =$2; ?; unused
negY  =$2337; ?
negX  =$2314; ?
over1  =$23e5; ?
positionIsSafe  =$22c9; ?
notLeft  =$2453; ?
noFireBulletJustRet  =$2471; ?
doFire  =$23f1; ?
notHitDown  =$22a3; ?
justFireUp  =$2429; ?
notDown  =$2460; ?
notHitLeft  =$22b6; ?
smj1  =$2219; ?
smj2  =$222a; ?
smj3  =$223b; ?
smj4  =$224c; ?
playerIsNotAlive  =$23c3; ?
smj5  =$23c7; ?
notXMSB  =$2323; ?
noFireBullet  =$246f; ?
notYMov  =$2341; ?
fireBullet  =$23d2; ?
isZero1  =$2377; ?
isZero2  =$2396; ?
noInvDec  =$220f; ?
playerIsAlive  =$21f5; ?
notUp  =$246d; ?
notLower  =$235d; ?
notRightP  =$23c5; ?
justRet  =$23d1
animationType_Player  =$0; ?
doCharStopCollsion  =$227d; ?
playerInformation  =$2139; ?
noChange  =$22f8; ?
o4  =$225b; ?
needDirectionCalc  =$1
o3  =$224a; ?
o2  =$2239; ?
o1  =$2228; ?
ignoreCollision  =$22de; unused
playerLastValidMove  =$246e; ?
playerProperties  =$a5d4; ?
other  =$242b; ?
doDirectional  =$2418; ?
cheatFire  =$23da; unused
notHitUp  =$2290; ?
notRight  =$26d2; ?
notLeftP  =$2606; ?
notHitRight  =$2555; ?
notAlive  =$2480; ?
doLinkCode  =$0
animationType_PlayerBullet  =$4; ?
notUpper  =$25db; ?
animationType_PlayerDeath  =$5; ?; unused
negX  =$25a0; ?
negY  =$25c3; ?
over1  =$2671; ?
positionIsSafe  =$2555; ?
notLeft  =$26df; ?
noFireBulletJustRet  =$26fd; ?
doFire  =$267d; ?
notHitDown  =$252f; ?
justFireUp  =$26b5; ?
notDown  =$26ec; ?
notHitLeft  =$2542; ?
smj1  =$24a5; ?
smj3  =$24c7; ?
smj2  =$24b6; ?
playerIsNotAlive  =$264f; ?
smj5  =$2653; ?
smj4  =$24d8; ?
notXMSB  =$25af; ?
noFireBullet  =$26fb; ?
notYMov  =$25cd; ?
fireBullet  =$265e; ?
isZero1  =$2603; ?
isZero2  =$2622; ?
noInvDec  =$249b; ?
playerIsAlive  =$2481; ?
notUp  =$26f9; ?
notLower  =$25e9; ?
notRightP  =$2651; ?
justRet  =$265d
animationType_Player  =$3; ?
doCharStopCollsion  =$2509; ?
playerInformation  =$2146; ?
noChange  =$2584; ?
needDirectionCalc  =$1
o4  =$24e7; ?
o2  =$24c5; ?
o3  =$24d6; ?
o1  =$24b4; ?
ignoreCollision  =$256a; unused
playerLastValidMove  =$26fa; ?
playerProperties  =$a5e7; ?
other  =$26b7; ?
doDirectional  =$26a4; ?
cheatFire  =$2666; unused
notHitUp  =$251c; ?
isPlayer2  =$271c; ?
dontDieYet1  =$271b; ?
animationType_PlayerBullet  =$1; ?; unused
animationType_PlayerDeath  =$2; ?
animationType_Player  =$0; ?; unused
playerInformation  =$2139; ?
playerProperties  =$a5d4; ?; unused
dontDieYet1  =$272d; ?
animationType_PlayerBullet  =$4; ?; unused
animationType_PlayerDeath  =$5; ?
animationType_Player  =$3; ?; unused
playerInformation  =$2146; ?
playerProperties  =$a5e7; ?; unused
isPlayer1  =$2736; ?
isPlayer2  =$27ae; ?
noExitGame  =$275d; ?
animationType_PlayerBullet  =$1; ?; unused
animationType_PlayerDeath  =$2; ?; unused
positionIsNotSafe  =$279a; ?
endRespawn  =$27ad; ?
moreLives  =$2761; ?
animationType_Player  =$0; ?
playerInformation  =$2139; ?
playerTestSpawnPosition  =$2766; ?
playerProperties  =$a5d4; ?
noExitGame  =$27d5; ?
animationType_PlayerBullet  =$4; ?; unused
animationType_PlayerDeath  =$5; ?; unused
positionIsNotSafe  =$2812; ?
endRespawn  =$2825; ?
moreLives  =$27d9; ?
animationType_Player  =$3; ?
playerInformation  =$2146; ?
playerProperties  =$a5e7; ?
playerTestSpawnPosition  =$27de; ?
l1  =$284d
l1  =$2869
dontZap  =$2875; ?
skipThis  =$289c
l1  =$2893
mightBe  =$28aa; ?
definitelyGreaterThan  =$28b4; ?
exitTrigger  =$28d5
noSFX2  =$2977; ?
noSFX1  =$2967; ?
notReally4a  =$29a3; ?
l1  =$28cc
notLeft2  =$2947; ?
mightBe  =$28ee; ?
offset  =$64c4; ?
noneFree  =$29d5; ?
calcS1  =$28e3; ?
s1  =$29e0; ?
noneFreeS  =$28bf
l2  =$29f1; ?
l1  =$29e5
notDirectional  =$2a3e; ?
notEnemy  =$2a06; ?
ret  =$2c1e; ?
notRight  =$2b82; ?
noMoreSpacesS  =$2d58
hadAMove  =$2b1b; ?
semiRandomDir2  =$2a69
semiRandomDir3  =$2a8a
semiRandomDir1  =$2a48
enemyFireSpeed  =$2e84; ?
speedSetSoCalcDirection  =$2bfb; ?
gotDirection  =$2cae; ?
setFireDirectionXS  =$2ab7
lastPlayerOffsetShotAt  =$2c1f
notaim2  =$2b47; ?
notaim3  =$2b4e; ?
notaim1  =$2b40; unused
notaim4  =$2b55; ?
notaim5  =$2b5c; ?
over1  =$2b69; ?
smxl  =$2cbd; ?
noSFX1  =$2b28; ?
fireNoSpeed  =$2bbd; unused
enemyLastValidMove  =$2e87; ?
smxh  =$2cc2; ?
setBulletPosition  =$2cbd; ?
not3  =$2d04; ?
not2  =$2cf2; ?
not1  =$2cdf; ?
not7  =$2d4b; ?
not6  =$2d39; ?
shiftIt  =$2c81
not5  =$2d26; ?
not4  =$2d14; ?
smy  =$2cc7; ?
notLeft  =$2b8f; ?
smlu1  =$2be8; ?
smlu2  =$2bf2; ?
cachedEnemyFireType  =$2d57
noMoreSpaces  =$2deb; ?
setFireDirectionCrossS  =$2ab4
notDown  =$2b9c; ?
noMoreSpaces2  =$2e7f; ?
setVelCacheFromBulletSpeedAndDoDirection  =$2ba9
setFireDirectionS  =$2ab1; unused
doAimedFire  =$2c20; ?
fireRandomly  =$2bb8; ?
setFireDirectionX  =$2df1; ?
notdoAimedFire  =$2b5c; unused
sl1  =$2c18; unused
sl3  =$2ac1
sl2  =$2c16; ?
useThePlayerInY  =$2c37; ?
sp1  =$2abc
enemyFireSpeedNeg  =$2e85; ?
notUp  =$2ba9; ?
noMoreSpaces2S  =$2dee
ranSpeedTabL  =$2aab
noSpeedSoSkip  =$2c13; ?
ranSpeedTabH  =$2aae
smAnimType  =$2b3e; ?
noPlayer1  =$2c31; ?
noPlayer2  =$2c35; ?
setFireDirection  =$2ccd; ?
storeIt1  =$2c5d; ?
storeIt2  =$2c7b; ?
enemyFireSpeedAbs  =$2e88; ?
semiRandomCount  =$2a47
enemyFireDirectionType  =$2e86; ?
velCache  =$2e82; ?
someSpeed  =$2bc8; ?
useIt  =$2ca1; ?
sl2S2  =$2b66; ?
setFireDirectionCross  =$2d5b; ?
processTypeCont1  =$2ac5; ?
noFrameChangeS  =$2e98
noFrameChange  =$2f73; ?
noFrameReset2  =$2fff; ?
notXB  =$30c9; ?
negY  =$30ef; ?
negX  =$30ba; ?
noFrameChangeNoDelayUpdate  =$2f76; ?
justSequential  =$2f31; ?
processAnimationFramesS  =$2fb5; unused
notDirHold  =$2f07; ?
isPlayerDeathType  =$2fa9; ?
notRight  =$3035; ?
notProcessAnimationFrames  =$2fea; ?
notExplosion  =$2f6f; ?
notRightCheck  =$3072; ?
BDead  =$30ff; ?
processAnimationFrames  =$2ec5; ?
notXMSB  =$30d5; ?
processEnemyBulletMovement  =$309e; ?
isZero  =$2f1f; ?
processEnemyMovementS  =$2e89
notDown  =$3058; ?
movementBits  =$ad
notEnd  =$2f42; ?
processBulletMovement  =$30a1; ?
noLoop  =$2f4b; ?
notLeft  =$304a; ?
skipTest  =$2f86; ?
notBDead  =$3107; ?
nothingPressed  =$2ef7; ?
playerBulletCommon  =$3091; ?
enemyOffScreen  =$3080; ?
notZero  =$3008; ?
processEnemyBulletMovementS  =$2e8c
notUp  =$3066; ?
notNeedNewMove  =$301a; ?
processBulletMovementS  =$2e8f; unused
sp1  =$2ea8
sl2  =$2ead
sl1  =$2fae; ?
processEnemyMovement  =$2fc1; ?
processTypeCont1  =$2eb1; ?
respawnPlayer  =$2fb8; ?
noMSB  =$2f96; unused
sp1S  =$2fb2; ?
forceFrame  =$2f0f; unused
processPlayer1BulletMovement  =$3088; ?
processAnimationFramesS2  =$2fbe
processPlayer1BulletMovementS  =$2e92
processPlayer2BulletMovementS  =$2e95
processPlayer2BulletMovement  =$308e; ?
l1  =$310c
blank2  =$313c; ?
blank  =$313a; ?
isY0  =$3170; ?
isX0  =$3158; ?
isXPos  =$3151; ?
o1  =$315a; ?
isYPos  =$3169; ?
o2  =$3172; ?
table1  =$c8
smx1  =$3483; ?
tempWorksm1  =$349e; ?
tempReg  =$35e4; ?
noSFX1  =$36a0; ?
playerTypeOrBulletTypeThatKilled  =$364f
notBlank  =$3716; ?
asc1  =$363b; ?
notMax1  =$3572; ?
skipIt2  =$3720; ?
lec1  =$36ac
dontKillPlayer  =$367f; ?
lec2  =$3724; ?
hitSomethingTyped  =$3650; ?
notBoss2  =$36c3; ?
notBoss3  =$36ca; ?
notBoss1  =$36bc; ?
notBoss6  =$36df; ?
notBoss7  =$36e6; ?
notBoss4  =$36d1; ?
notBoss5  =$36d8; ?
enemyBulletHitPlayer  =$363e; ?
notPPWithEnemy  =$35ba; ?
lecc2  =$3552
charThatHit  =$3823; unused
areSpritesClose  =$35f0; ?
noLifeIncrease  =$3985; ?
ost1  =$21
maxSM  =$35d9; ?
noBossObjects  =$36ed; ?
t1  =$363c; ?
itIsOK  =$3947; ?
xcmp  =$360e; ?
processHealth  =$3687; ?
dontRemoveBullet  =$3667; ?
y1g2  =$3606; ?
ecc1  =$35e3; ?
ecc3  =$35d8; ?
ecc2  =$35dd; ?
registerHitWithEnemy2  =$35e8; ?
sprPair  =$35e6; ?
x1g2  =$3635; ?
skipIt  =$364c; unused
isPlayerOrPlayerBulletType  =$34e0
hitWithPlayer  =$366f; ?
Player2Inactive  =$37da; ?
Player1Inactive  =$37be; ?
cl2  =$3575
cl0  =$3549; ?
cl1  =$354d; ?
noHit  =$35d2; ?
isEnemyOrBulletType  =$34a1
isEnemyOrBulletSoTest  =$3563; unused
itIsPlayer2  =$3970; ?
registerHitWithEnemy  =$35aa; unused
c1  =$3555; ?
objectSearch  =$351a
makeItDead  =$368f; ?
l2  =$3999; ?
l1  =$3990
odoNormalAdvance1  =$3a16; ?
notRedraw  =$3a6a; ?
notStill  =$3b17; ?
doNextLevel  =$3a08; ?
performScroll  =$3b20
noWrap  =$3b54; ?
fakeRedraw  =$3a35; ?
notLoop  =$3ad2; ?
changed  =$3abe; ?
doNormalAdvance1  =$3a13; ?
exitLevelLogic  =$3b77; ?
scrollSpeed1  =$3b30; ?
noClear  =$3a5f; ?
notStillS  =$39d7
isPush  =$3b6a; ?
notFirst  =$3b14; ?
noWrap4  =$3ae6; ?
noWrap5  =$3afd; ?
noWrap2  =$3a27; ?
notPreviousStill  =$3a4d; ?
notWholeBlockYet  =$3b67; ?
exitEndOfLogic  =$3b00; ?
tempYP  =$3b66; ?
performEndOfLevelCheckForScrollingTypes  =$3b35
stillNotStill  =$3a4d; ?
exitEndOfLogicS  =$3a05; ?
doDislocationTest  =$3aab; ?
skipStillTest  =$3a50; ?
noChange  =$3ad1; ?
calcl4  =$3ba5
calcl5  =$3bb1; ?
calcl2  =$3b9d; ?
calcl3  =$3ba0; ?
calcl1  =$3b8f
noCarry  =$3c24; ?
noOverride1  =$3c19; ?
lc1  =$3be6
lc2  =$3bf9; ?
l2  =$3c66
l1  =$3c5a
doIt  =$3daf; ?
notGotLife4  =$3eb5; ?
notGotLife5  =$3ecf; ?
notGotLife6  =$3ee9; ?
notGotLife7  =$3f03; ?
notGotLife1  =$3e67; ?
notGotLife2  =$3e81; ?
notGotLife3  =$3e9b; ?
notGotLife8  =$3f1d; ?
notGotLife9  =$3f37; ?
doIt  =$3e57; ?
notGotLife5  =$3fc7; ?
notGotLife4  =$3fad; ?
notGotLife7  =$3ffb; ?
notGotLife6  =$3fe1; ?
notGotLife1  =$3f5f; ?
notGotLife3  =$3f93; ?
notGotLife2  =$3f79; ?
notGotLife9  =$402f; ?
notGotLife8  =$4015; ?
doIt  =$3f4f; ?
doIt  =$4047; ?
over1  =$410a; ?
l1  =$4105
tensOfThousandsBefore  =$40ea
noMore1  =$411a; ?
tempY  =$40e9
noOver1  =$411e; ?
noOver2  =$4127; ?
toAdd  =$40ee; ?
skipMusicThisFrame  =$42e2; unused
ret  =$47b6; ?
joystick0start  =$4793; ?
joystick1start  =$47a0; ?
loop0001  =$41ab
convertChar  =$47ad; unused
l3  =$42dc
titleJoystickTest  =$4784; unused
fl1  =$42b7
start  =$d800
dm1  =$4166
data  =$0
spritePerStroke  =$10
spriteSpread  =$10; unused
spriteOffset2  =$a0; unused
spriteOffset0  =$60; unused
spriteOffset1  =$80; unused
xposTweak  =$18; unused
upDownTab  =$47b7; unused
table1  =$3
l2  =$47dc
l1  =$47e4
l1  =$4ad6
l2  =$4ade
noMoreUpdates  =$4b80; ?
not3  =$4b27; ?
no3  =$4b42; ?
not2  =$4b20; ?
no2  =$4b3a; ?
no1  =$4b32; ?
l1  =$4b5d
xTemp  =$4b05
yTemp  =$4b06
table1  =$80
pulseWidthLo  =$4c77; ?
processOneVoice  =$4bed; ?
pulseWidthHi  =$4c78; ?
noCarry1  =$4c09; ?
freqHiAdjust  =$4c36; ?
doDecPulse  =$4bc1; ?
processVoices  =$4bdb; ?
freqReset  =$4c45; ?
freqProcess  =$4c18
noUpdates  =$4c52; ?
downWibble  =$4c27; ?
pulseToggle  =$4c79; ?
more  =$4dc7
more  =$4dd3
table1  =$3a
furtherCollision2  =$53f9; ?
furtherCollision1  =$53e1; ?
morethan8  =$4e46; ?
retCol  =$53bd
noCollision1  =$5478; unused
gotCollision  =$53be; ?
colTemp  =$5479; ?
switch  =$4f54; ?
jumplo  =$539d; ?
jumphi  =$53a6; ?
activatetab  =$53af; ?
over  =$4f4e; ?
dospr3  =$4ed2; ?
dospr2  =$4ef1; ?
dospr1  =$4f10; ?
dospr0  =$4f2f; ?
dospr7  =$4e56
dospr6  =$4e75; ?
dospr5  =$4e94; ?
dospr4  =$4eb3; ?
noFurtherCollision  =$5475; ?
spriteIndex  =$7
Multiplex_LBLISFP1  =$4e67
spriteIndexReal  =$0
spriteIndex  =$6
Multiplex_LBLISFP1  =$4e86
spriteIndexReal  =$1
spriteIndexReal  =$2
Multiplex_LBLISFP1  =$4ea5
spriteIndex  =$5
spriteIndexReal  =$3
Multiplex_LBLISFP1  =$4ec4
spriteIndex  =$4
spriteIndexReal  =$4
Multiplex_LBLISFP1  =$4ee3
spriteIndex  =$3
spriteIndexReal  =$5
Multiplex_LBLISFP1  =$4f02
spriteIndex  =$2
spriteIndexReal  =$6
Multiplex_LBLISFP1  =$4f21
spriteIndex  =$1
spriteIndexReal  =$7
Multiplex_LBLISFP1  =$4f40
spriteIndex  =$0
spriteIndexReal  =$7
otherCheck  =$4f5a; unused
Multiplex_LBLISFP9  =$4fb8
intExitInter0  =$4fdf; ?
Multiplex_inter0  =$4f8d; ?
yes0  =$4fd0; ?
Multiplex_nextSpriteFunction  =$4fe2; ?
blit0  =$4fa2; ?
noCol  =$4fa2; ?
skipSprite  =$4fd3; ?
currentIRQEnd  =$4f7f; unused
no0  =$4fcb; ?
spriteIndex  =$0
next0  =$4f6a; ?
spriteIndexReal  =$6
otherCheck  =$4fe2; unused
Multiplex_LBLISFP9  =$5040
intExitInter0  =$5067; ?
blit0  =$502a; ?
yes0  =$5058; ?
Multiplex_nextSpriteFunction  =$506a; ?
Multiplex_inter0  =$5015; ?
noCol  =$502a; ?
no0  =$5053; ?
currentIRQEnd  =$5007; unused
skipSprite  =$505b; ?
spriteIndex  =$1
next0  =$4ff2; ?
spriteIndexReal  =$5
otherCheck  =$506a; unused
Multiplex_LBLISFP9  =$50c8
intExitInter0  =$50ef; ?
yes0  =$50e0; ?
Multiplex_nextSpriteFunction  =$50f2; ?
blit0  =$50b2; ?
Multiplex_inter0  =$509d; ?
noCol  =$50b2; ?
no0  =$50db; ?
skipSprite  =$50e3; ?
currentIRQEnd  =$508f; unused
spriteIndex  =$2
next0  =$507a; ?
spriteIndexReal  =$4
otherCheck  =$50f2; unused
Multiplex_LBLISFP9  =$5150
Multiplex_inter0  =$5125; ?
blit0  =$513a; ?
yes0  =$5168; ?
Multiplex_nextSpriteFunction  =$517a; ?
intExitInter0  =$5177; ?
currentIRQEnd  =$5117; unused
skipSprite  =$516b; ?
no0  =$5163; ?
noCol  =$513a; ?
spriteIndex  =$3
next0  =$5102; ?
spriteIndexReal  =$3
otherCheck  =$517a; unused
Multiplex_LBLISFP9  =$51d8
Multiplex_inter0  =$51ad; ?
yes0  =$51f0; ?
Multiplex_nextSpriteFunction  =$5202; ?
blit0  =$51c2; ?
intExitInter0  =$51ff; ?
skipSprite  =$51f3; ?
currentIRQEnd  =$519f; unused
no0  =$51eb; ?
noCol  =$51c2; ?
spriteIndex  =$4
next0  =$518a; ?
spriteIndexReal  =$2
otherCheck  =$5202; unused
Multiplex_LBLISFP9  =$5260
blit0  =$524a; ?
yes0  =$5278; ?
Multiplex_nextSpriteFunction  =$528a; ?
Multiplex_inter0  =$5235; ?
intExitInter0  =$5287; ?
no0  =$5273; ?
currentIRQEnd  =$5227; unused
skipSprite  =$527b; ?
noCol  =$524a; ?
spriteIndex  =$5
next0  =$5212; ?
spriteIndexReal  =$1
otherCheck  =$528a; unused
Multiplex_LBLISFP9  =$52e8
yes0  =$5300; ?
Multiplex_nextSpriteFunction  =$5312; ?
blit0  =$52d2; ?
Multiplex_inter0  =$52bd; ?
intExitInter0  =$530f; ?
no0  =$52fb; ?
skipSprite  =$5303; ?
currentIRQEnd  =$52af; unused
noCol  =$52d2; ?
spriteIndex  =$6
next0  =$529a; ?
otherCheck  =$5312; unused
Multiplex_LBLISFP9  =$5370
spriteIndexReal  =$0
intExitInter0  =$5397; ?
Multiplex_inter0  =$5345; ?
blit0  =$535a; ?
yes0  =$5388; ?
Multiplex_nextSpriteFunction  =$539a; ?
spriteIndex  =$7
noCol  =$535a; ?
currentIRQEnd  =$5337; unused
skipSprite  =$538b; ?
no0  =$5383; ?
next0  =$5322; ?
noCollisionThisChunk  =$53dc; ?
colTemp  =$5479; ?
spriteIndex  =$0
noCollisionThisChunk  =$53f4; ?
colTemp  =$5479; ?
spriteIndex  =$1
noCollisionThisChunk  =$540c; ?
colTemp  =$5479; ?
spriteIndex  =$2
noCollisionThisChunk  =$5421; ?
colTemp  =$5479; ?
spriteIndex  =$3
noCollisionThisChunk  =$5436; ?
colTemp  =$5479; ?
spriteIndex  =$4
noCollisionThisChunk  =$544b; ?
colTemp  =$5479; ?
spriteIndex  =$5
noCollisionThisChunk  =$5460; ?
colTemp  =$5479; ?
spriteIndex  =$6
noCollisionThisChunk  =$5475; ?
colTemp  =$5479; ?
spriteIndex  =$7
storeRaster  =$54a0; ?
over  =$54ce; ?
1  =$54a9
2  =$54b9
back29  =$56fe
back28  =$56ed
back27  =$56dc
back26  =$56cb
back25  =$56ba
back24  =$56a9
back23  =$5698
back22  =$5687
back21  =$5676
back20  =$5665
smbackup  =$54fb; ?
back18  =$5643
back19  =$5654
back16  =$5621
back17  =$5632
back14  =$55ff
back15  =$5610
back12  =$55dd
back13  =$55ee
back10  =$55bb
back11  =$55cc
back30  =$570f; unused
l2  =$550e; ?
l1  =$5501
over47  =$571e; unused
exit  =$5510; ?
over1  =$5520; ?
over0  =$5511; ?
over2  =$5531
back2  =$5533
back3  =$5544
back0  =$5513
back1  =$5522
back6  =$5577
back7  =$5588
back4  =$5555
back5  =$5566
back8  =$5599
back9  =$55aa
index  =$1
forward  =$5522
backPos  =$5513
over2  =$5531; ?
over1  =$5520; unused
back1  =$5522
index  =$2
forward  =$5533
backPos  =$5522
over2  =$5542; ?
over1  =$5531; unused
back1  =$5533
index  =$3
forward  =$5544
backPos  =$5533
over1  =$5542; unused
over2  =$5553; ?
back1  =$5544
index  =$4
forward  =$5555
backPos  =$5544
over1  =$5553; unused
over2  =$5564; ?
back1  =$5555
index  =$5
forward  =$5566
backPos  =$5555
over2  =$5575; ?
over1  =$5564; unused
back1  =$5566
index  =$6
forward  =$5577
backPos  =$5566
over2  =$5586; ?
over1  =$5575; unused
back1  =$5577
index  =$7
forward  =$5588
backPos  =$5577
over1  =$5586; unused
over2  =$5597; ?
back1  =$5588
index  =$8
forward  =$5599
backPos  =$5588
over1  =$5597; unused
over2  =$55a8; ?
back1  =$5599
index  =$9
forward  =$55aa
backPos  =$5599
over2  =$55b9; ?
over1  =$55a8; unused
back1  =$55aa
index  =$a
forward  =$55bb
backPos  =$55aa
over2  =$55ca; ?
over1  =$55b9; unused
back1  =$55bb
index  =$b
back1  =$55cc
over1  =$55ca; unused
over2  =$55db; ?
backPos  =$55bb
forward  =$55cc
index  =$c
back1  =$55dd
over1  =$55db; unused
over2  =$55ec; ?
backPos  =$55cc
forward  =$55dd
index  =$d
back1  =$55ee
over2  =$55fd; ?
over1  =$55ec; unused
backPos  =$55dd
forward  =$55ee
index  =$e
back1  =$55ff
over2  =$560e; ?
over1  =$55fd; unused
backPos  =$55ee
forward  =$55ff
index  =$f
back1  =$5610
over1  =$560e; unused
over2  =$561f; ?
backPos  =$55ff
forward  =$5610
index  =$10
back1  =$5621
over1  =$561f; unused
over2  =$5630; ?
backPos  =$5610
forward  =$5621
index  =$11
back1  =$5632
over2  =$5641; ?
over1  =$5630; unused
backPos  =$5621
forward  =$5632
index  =$12
back1  =$5643
over2  =$5652; ?
over1  =$5641; unused
backPos  =$5632
forward  =$5643
index  =$13
back1  =$5654
over1  =$5652; unused
over2  =$5663; ?
backPos  =$5643
forward  =$5654
index  =$14
back1  =$5665
over1  =$5663; unused
over2  =$5674; ?
backPos  =$5654
forward  =$5665
index  =$15
back1  =$5676
over2  =$5685; ?
over1  =$5674; unused
backPos  =$5665
forward  =$5676
index  =$16
back1  =$5687
over2  =$5696; ?
over1  =$5685; unused
backPos  =$5676
forward  =$5687
index  =$17
back1  =$5698
over1  =$5696; unused
over2  =$56a7; ?
backPos  =$5687
forward  =$5698
index  =$18
back1  =$56a9
over1  =$56a7; unused
over2  =$56b8; ?
backPos  =$5698
forward  =$56a9
index  =$19
back1  =$56ba
over2  =$56c9; ?
over1  =$56b8; unused
backPos  =$56a9
forward  =$56ba
index  =$1a
back1  =$56cb
over2  =$56da; ?
over1  =$56c9; unused
backPos  =$56ba
forward  =$56cb
index  =$1b
back1  =$56dc
over1  =$56da; unused
over2  =$56eb; ?
backPos  =$56cb
forward  =$56dc
index  =$1c
back1  =$56ed
over1  =$56eb; unused
over2  =$56fc; ?
backPos  =$56dc
forward  =$56ed
index  =$1d
back1  =$56fe
over2  =$570d; ?
over1  =$56fc; unused
backPos  =$56ed
forward  =$56fe
index  =$1e
back1  =$570f
over2  =$571e; ?
over1  =$570d; unused
backPos  =$56fe
forward  =$570f; unused
offset  =$101c
size  =$80
offset  =$111c
size  =$c80
offset  =$1c
size  =$1000
offset  =$37a1
size  =$3
offset  =$379d
size  =$1
offset  =$379f
size  =$1
offset  =$2b28
size  =$bc0
offset  =$2824
size  =$fc
offset  =$37b9
size  =$13
offset  =$37cc
size  =$13
offset  =$ae92
size  =$9a
offset  =$af2c
size  =$f0
offset  =$239c
size  =$488
offset  =$2920
size  =$208
offset  =$38dd
size  =$40
offset  =$37b8
size  =$1
offset  =$ec24
size  =$a8
amount  =$100
address  =$b500; ?
amount  =$20
address  =$b600; ?
amount  =$20
address  =$b620; ?
amount  =$20
address  =$b640; ?
amount  =$20
address  =$b660; ?
amount  =$20
address  =$b680; ?
amount  =$20
address  =$b6a0; ?
amount  =$20
address  =$b6c0; ?
amount  =$20
address  =$b6e0; ?
address  =$b700; ?
amount  =$20
address  =$b720; ?
amount  =$20
address  =$b740; ?
amount  =$20
address  =$b760; unused
amount  =$20
address  =$b780; ?
amount  =$20
address  =$b7a0; ?
amount  =$20
address  =$b7c0; ?
amount  =$20
address  =$b7e0; ?
amount  =$20
address  =$b800; ?
amount  =$20
address  =$b820; ?
amount  =$20
address  =$b840; ?
amount  =$20
address  =$b860; ?
amount  =$20
address  =$b880; ?
amount  =$20
address  =$b8a0; ?
amount  =$20
address  =$b8c0; ?
amount  =$20
address  =$b8e0; ?
amount  =$20
amount  =$20
address  =$b900; ?
amount  =$20
address  =$b920; ?
amount  =$20
address  =$b940; ?
amount  =$20
address  =$b960; ?
amount  =$20
address  =$b980; ?
amount  =$20
address  =$b9a0; ?
amount  =$20
address  =$b9c0; ?
amount  =$20
address  =$b9e0; ?
amount  =$20
address  =$ba00; ?
amount  =$20
address  =$ba20; ?
amount  =$20
address  =$ba40; ?
amount  =$20
address  =$ba60; ?
amount  =$20
address  =$ba80; ?
amount  =$20
address  =$baa0; ?
amount  =$1
address  =$bac0; ?
amount  =$8
address  =$bac1; ?
address  =$bac9; ?
amount  =$c0
address  =$bb89; ?
amount  =$1
address  =$bb8a; ?
amount  =$c0
address  =$bd00; ?
amount  =$100
address  =$be00; ?
amount  =$100
size  =$7f8
offset  =$ef1c
size  =$1fc0
offset  =$b71c
